// Jest Snapshot v1, https://goo.gl/fbAQLP

exports[`LicenseCode.vue has the expected UI 1`] = `
<p xmlns:dct="http://purl.org/dc/terms/" xmlns:cc="http://creativecommons.org/ns#" class="license-text"><span>license-use.richtext.full-text</span>
  <!---->
</p>
`;
